

================================================================
== Vivado HLS Report for 'prng_generator'
================================================================
* Date:           Tue Aug 12 15:14:54 2025

* Version:        2019.1 (Build 2552052 on Fri May 24 15:28:33 MDT 2019)
* Project:        L1_optimized
* Solution:       solution1
* Product family: zynq
* Target device:  xc7z020-clg400-1


================================================================
== Performance Estimates
================================================================
+ Timing (ns): 
    * Summary: 
    +--------+-------+----------+------------+
    |  Clock | Target| Estimated| Uncertainty|
    +--------+-------+----------+------------+
    |ap_clk  |  20.00|    17.436|        2.50|
    +--------+-------+----------+------------+

+ Latency (clock cycles): 
    * Summary: 
    +-----+-----+-----+-----+---------+
    |  Latency  |  Interval | Pipeline|
    | min | max | min | max |   Type  |
    +-----+-----+-----+-----+---------+
    |    ?|    ?|    ?|    ?|   none  |
    +-----+-----+-----+-----+---------+

    + Detail: 
        * Instance: 
        N/A

        * Loop: 
        +-------------+-----+-----+----------+-----------+-----------+------+----------+
        |             |  Latency  | Iteration|  Initiation Interval  | Trip |          |
        |  Loop Name  | min | max |  Latency |  achieved |   target  | Count| Pipelined|
        +-------------+-----+-----+----------+-----------+-----------+------+----------+
        |- Loop 1     |    ?|    ?|         ?|          -|          -|     ?|    no    |
        | + Loop 1.1  |    ?|    ?|         2|          -|          -|     ?|    no    |
        +-------------+-----+-----+----------+-----------+-----------+------+----------+



================================================================
== Utilization Estimates
================================================================
* Summary: 
+-----------------+---------+-------+--------+-------+-----+
|       Name      | BRAM_18K| DSP48E|   FF   |  LUT  | URAM|
+-----------------+---------+-------+--------+-------+-----+
|DSP              |        -|      -|       -|      -|    -|
|Expression       |        -|     42|     876|  18559|    -|
|FIFO             |        -|      -|       -|      -|    -|
|Instance         |        0|      0|     572|   1703|    -|
|Memory           |        -|      -|       -|      -|    -|
|Multiplexer      |        -|      -|       -|    600|    -|
|Register         |        -|      -|    3369|      -|    -|
+-----------------+---------+-------+--------+-------+-----+
|Total            |        0|     42|    4817|  20862|    0|
+-----------------+---------+-------+--------+-------+-----+
|Available        |      280|    220|  106400|  53200|    0|
+-----------------+---------+-------+--------+-------+-----+
|Utilization (%)  |        0|     19|       4|     39|    0|
+-----------------+---------+-------+--------+-------+-----+

+ Detail: 
    * Instance: 
    +--------------------------------+------------------------------+---------+-------+-----+-----+-----+
    |            Instance            |            Module            | BRAM_18K| DSP48E|  FF | LUT | URAM|
    +--------------------------------+------------------------------+---------+-------+-----+-----+-----+
    |prng_generator_control_s_axi_U  |prng_generator_control_s_axi  |        0|      0|  182|  296|    0|
    |prng_generator_dcbkb_U1         |prng_generator_dcbkb          |        0|      0|  130|  469|    0|
    |prng_generator_dcbkb_U2         |prng_generator_dcbkb          |        0|      0|  130|  469|    0|
    |prng_generator_dcbkb_U3         |prng_generator_dcbkb          |        0|      0|  130|  469|    0|
    +--------------------------------+------------------------------+---------+-------+-----+-----+-----+
    |Total                           |                              |        0|      0|  572| 1703|    0|
    +--------------------------------+------------------------------+---------+-------+-----+-----+-----+

    * DSP48E: 
    N/A

    * Memory: 
    N/A

    * FIFO: 
    N/A

    * Expression: 
    +--------------------------------------+----------+-------+----+-----+------------+------------+
    |             Variable Name            | Operation| DSP48E| FF | LUT | Bitwidth P0| Bitwidth P1|
    +--------------------------------------+----------+-------+----+-----+------------+------------+
    |grp_fu_294_p2                         |     *    |      9|   0|   22|          45|          50|
    |grp_fu_295_p2                         |     *    |      9|   0|   20|          45|          48|
    |grp_fu_296_p2                         |     *    |      9|   0|   22|          46|          50|
    |grp_fu_297_p2                         |     *    |     15|   0|  143|          49|          93|
    |add_ln1192_4_fu_4192_p2               |     +    |      0|   0|   57|          50|          50|
    |add_ln1192_fu_2557_p2                 |     +    |      0|   0|   57|          50|          50|
    |add_ln39_1_fu_869_p2                  |     +    |      0|   0|   36|           1|          29|
    |add_ln39_fu_854_p2                    |     +    |      0|   0|   39|           2|          32|
    |add_ln53_fu_910_p2                    |     +    |      0|   0|   11|          32|          32|
    |add_ln581_fu_642_p2                   |     +    |      0|   0|   12|           7|          12|
    |add_ln703_1_fu_2158_p2                |     +    |      0|   0|   11|          44|          48|
    |add_ln703_3_fu_3016_p2                |     +    |      0|   0|   11|          44|          48|
    |add_ln703_4_fu_3793_p2                |     +    |      0|   0|   11|          44|          48|
    |add_ln703_6_fu_4651_p2                |     +    |      0|   0|   11|          44|          48|
    |add_ln703_fu_1381_p2                  |     +    |      0|   0|   11|          44|          48|
    |add_ln86_fu_947_p2                    |     +    |      0|   0|   39|           2|          32|
    |add_ln908_10_fu_4498_p2               |     +    |      0|   0|   39|           7|          32|
    |add_ln908_11_fu_5483_p2               |     +    |      0|   0|   39|           7|          32|
    |add_ln908_1_fu_1587_p2                |     +    |      0|   0|   39|           7|          32|
    |add_ln908_2_fu_2005_p2                |     +    |      0|   0|   39|           7|          32|
    |add_ln908_3_fu_2364_p2                |     +    |      0|   0|   39|           7|          32|
    |add_ln908_4_fu_5205_p2                |     +    |      0|   0|   39|           7|          32|
    |add_ln908_5_fu_2863_p2                |     +    |      0|   0|   39|           7|          32|
    |add_ln908_6_fu_3222_p2                |     +    |      0|   0|   39|           7|          32|
    |add_ln908_7_fu_3640_p2                |     +    |      0|   0|   39|           7|          32|
    |add_ln908_8_fu_3999_p2                |     +    |      0|   0|   39|           7|          32|
    |add_ln908_9_fu_5344_p2                |     +    |      0|   0|   39|           7|          32|
    |add_ln908_fu_1228_p2                  |     +    |      0|   0|   39|           7|          32|
    |add_ln915_10_fu_4582_p2               |     +    |      0|   0|   11|          11|          11|
    |add_ln915_11_fu_5567_p2               |     +    |      0|   0|   11|          11|          11|
    |add_ln915_1_fu_1671_p2                |     +    |      0|   0|   11|          11|          11|
    |add_ln915_2_fu_2089_p2                |     +    |      0|   0|   11|          11|          11|
    |add_ln915_3_fu_2448_p2                |     +    |      0|   0|   11|          11|          11|
    |add_ln915_4_fu_5289_p2                |     +    |      0|   0|   11|          11|          11|
    |add_ln915_5_fu_2947_p2                |     +    |      0|   0|   11|          11|          11|
    |add_ln915_6_fu_3306_p2                |     +    |      0|   0|   11|          11|          11|
    |add_ln915_7_fu_3724_p2                |     +    |      0|   0|   11|          11|          11|
    |add_ln915_8_fu_4083_p2                |     +    |      0|   0|   11|          11|          11|
    |add_ln915_9_fu_5428_p2                |     +    |      0|   0|   11|          11|          11|
    |add_ln915_fu_1312_p2                  |     +    |      0|   0|   11|          11|          11|
    |add_ln92_fu_5791_p2                   |     +    |      0|   0|   39|           1|          32|
    |b_fu_5750_p2                          |     +    |      0|   0|   39|          32|           2|
    |bit_pos_fu_5785_p2                    |     +    |      0|   0|   39|           2|          32|
    |grp_fu_492_p2                         |     +    |      0|   0|   39|          32|           1|
    |grp_fu_548_p2                         |     +    |      0|   0|   15|           1|           5|
    |lsb_index_10_fu_4383_p2               |     +    |      0|   0|   39|           7|          32|
    |lsb_index_11_fu_5090_p2               |     +    |      0|   0|   39|           7|          32|
    |lsb_index_1_fu_1472_p2                |     +    |      0|   0|   39|           7|          32|
    |lsb_index_2_fu_1890_p2                |     +    |      0|   0|   39|           7|          32|
    |lsb_index_3_fu_2249_p2                |     +    |      0|   0|   39|           7|          32|
    |lsb_index_4_fu_4757_p2                |     +    |      0|   0|   39|           7|          32|
    |lsb_index_5_fu_2748_p2                |     +    |      0|   0|   39|           7|          32|
    |lsb_index_6_fu_3107_p2                |     +    |      0|   0|   39|           7|          32|
    |lsb_index_7_fu_3525_p2                |     +    |      0|   0|   39|           7|          32|
    |lsb_index_8_fu_3884_p2                |     +    |      0|   0|   39|           7|          32|
    |lsb_index_9_fu_4931_p2                |     +    |      0|   0|   39|           7|          32|
    |lsb_index_fu_1113_p2                  |     +    |      0|   0|   39|           7|          32|
    |m_104_fu_4541_p2                      |     +    |      0|   0|   71|          64|          64|
    |m_109_fu_5526_p2                      |     +    |      0|   0|   71|          64|          64|
    |m_24_fu_1630_p2                       |     +    |      0|   0|   71|          64|          64|
    |m_2_fu_1271_p2                        |     +    |      0|   0|   71|          64|          64|
    |m_49_fu_2048_p2                       |     +    |      0|   0|   71|          64|          64|
    |m_61_fu_2407_p2                       |     +    |      0|   0|   71|          64|          64|
    |m_74_fu_5248_p2                       |     +    |      0|   0|   71|          64|          64|
    |m_79_fu_2906_p2                       |     +    |      0|   0|   71|          64|          64|
    |m_84_fu_3265_p2                       |     +    |      0|   0|   71|          64|          64|
    |m_89_fu_3683_p2                       |     +    |      0|   0|   71|          64|          64|
    |m_94_fu_4042_p2                       |     +    |      0|   0|   71|          64|          64|
    |m_99_fu_5387_p2                       |     +    |      0|   0|   71|          64|          64|
    |mask_fu_921_p2                        |     +    |      0|   0|   39|           2|          32|
    |p_op_fu_898_p2                        |     +    |      0|   0|   39|           1|          32|
    |ret_V_12_fu_2674_p2                   |     +    |      0|   0|   15|           1|           5|
    |ret_V_15_fu_3451_p2                   |     +    |      0|   0|   15|           1|           5|
    |ret_V_16_fu_4173_p2                   |     +    |      0|   0|   56|          44|          49|
    |ret_V_17_fu_4183_p2                   |     +    |      0|   0|   56|          44|          49|
    |ret_V_22_fu_4309_p2                   |     +    |      0|   0|   15|           1|           5|
    |ret_V_2_fu_1039_p2                    |     +    |      0|   0|   15|           1|           5|
    |ret_V_5_fu_1816_p2                    |     +    |      0|   0|   15|           1|           5|
    |ret_V_6_fu_2538_p2                    |     +    |      0|   0|   56|          44|          49|
    |ret_V_7_fu_2548_p2                    |     +    |      0|   0|   56|          44|          49|
    |tmp_V_42_fu_4695_p2                   |     +    |      0|   0|   55|          44|          48|
    |tmp_V_50_fu_4869_p2                   |     +    |      0|   0|   55|          44|          48|
    |F2_fu_630_p2                          |     -    |      0|   0|   12|          11|          12|
    |grp_fu_558_p2                         |     -    |      0|   0|   55|           1|          48|
    |man_V_1_fu_610_p2                     |     -    |      0|   0|   61|           1|          54|
    |ret_V_10_fu_2568_p2                   |     -    |      0|   0|   56|          44|          49|
    |ret_V_13_fu_3401_p2                   |     -    |      0|   0|   56|          44|          49|
    |ret_V_20_fu_4203_p2                   |     -    |      0|   0|   56|          44|          49|
    |ret_V_3_fu_1766_p2                    |     -    |      0|   0|   56|          44|          49|
    |ret_V_fu_941_p2                       |     -    |      0|   0|   56|          44|          49|
    |sub_ln53_fu_893_p2                    |     -    |      0|   0|   11|           3|          32|
    |sub_ln581_fu_648_p2                   |     -    |      0|   0|   12|           6|          12|
    |sub_ln703_3_fu_4259_p2                |     -    |      0|   0|   55|          48|          48|
    |sub_ln703_fu_2624_p2                  |     -    |      0|   0|   55|          48|          48|
    |sub_ln86_fu_965_p2                    |     -    |      0|   0|   39|          32|          32|
    |sub_ln894_10_fu_4377_p2               |     -    |      0|   0|   39|           6|          32|
    |sub_ln894_11_fu_5084_p2               |     -    |      0|   0|   39|           6|          32|
    |sub_ln894_1_fu_1466_p2                |     -    |      0|   0|   39|           6|          32|
    |sub_ln894_2_fu_1884_p2                |     -    |      0|   0|   39|           6|          32|
    |sub_ln894_3_fu_2243_p2                |     -    |      0|   0|   39|           6|          32|
    |sub_ln894_4_fu_4751_p2                |     -    |      0|   0|   39|           6|          32|
    |sub_ln894_5_fu_2742_p2                |     -    |      0|   0|   39|           6|          32|
    |sub_ln894_6_fu_3101_p2                |     -    |      0|   0|   39|           6|          32|
    |sub_ln894_7_fu_3519_p2                |     -    |      0|   0|   39|           6|          32|
    |sub_ln894_8_fu_3878_p2                |     -    |      0|   0|   39|           6|          32|
    |sub_ln894_9_fu_4925_p2                |     -    |      0|   0|   39|           6|          32|
    |sub_ln894_fu_1107_p2                  |     -    |      0|   0|   39|           6|          32|
    |sub_ln897_10_fu_4409_p2               |     -    |      0|   0|   15|           6|           6|
    |sub_ln897_11_fu_5116_p2               |     -    |      0|   0|   15|           6|           6|
    |sub_ln897_1_fu_1498_p2                |     -    |      0|   0|   15|           6|           6|
    |sub_ln897_2_fu_1916_p2                |     -    |      0|   0|   15|           6|           6|
    |sub_ln897_3_fu_2275_p2                |     -    |      0|   0|   15|           6|           6|
    |sub_ln897_4_fu_4783_p2                |     -    |      0|   0|   15|           6|           6|
    |sub_ln897_5_fu_2774_p2                |     -    |      0|   0|   15|           6|           6|
    |sub_ln897_6_fu_3133_p2                |     -    |      0|   0|   15|           6|           6|
    |sub_ln897_7_fu_3551_p2                |     -    |      0|   0|   15|           6|           6|
    |sub_ln897_8_fu_3910_p2                |     -    |      0|   0|   15|           6|           6|
    |sub_ln897_9_fu_4957_p2                |     -    |      0|   0|   15|           6|           6|
    |sub_ln897_fu_1139_p2                  |     -    |      0|   0|   15|           6|           6|
    |sub_ln908_10_fu_4516_p2               |     -    |      0|   0|   39|           6|          32|
    |sub_ln908_11_fu_5501_p2               |     -    |      0|   0|   39|           6|          32|
    |sub_ln908_1_fu_1605_p2                |     -    |      0|   0|   39|           6|          32|
    |sub_ln908_2_fu_2023_p2                |     -    |      0|   0|   39|           6|          32|
    |sub_ln908_3_fu_2382_p2                |     -    |      0|   0|   39|           6|          32|
    |sub_ln908_4_fu_5223_p2                |     -    |      0|   0|   39|           6|          32|
    |sub_ln908_5_fu_2881_p2                |     -    |      0|   0|   39|           6|          32|
    |sub_ln908_6_fu_3240_p2                |     -    |      0|   0|   39|           6|          32|
    |sub_ln908_7_fu_3658_p2                |     -    |      0|   0|   39|           6|          32|
    |sub_ln908_8_fu_4017_p2                |     -    |      0|   0|   39|           6|          32|
    |sub_ln908_9_fu_5362_p2                |     -    |      0|   0|   39|           6|          32|
    |sub_ln908_fu_1246_p2                  |     -    |      0|   0|   39|           6|          32|
    |sub_ln915_10_fu_4577_p2               |     -    |      0|   0|   11|           3|          11|
    |sub_ln915_11_fu_5562_p2               |     -    |      0|   0|   11|           3|          11|
    |sub_ln915_1_fu_1666_p2                |     -    |      0|   0|   11|           3|          11|
    |sub_ln915_2_fu_2084_p2                |     -    |      0|   0|   11|           3|          11|
    |sub_ln915_3_fu_2443_p2                |     -    |      0|   0|   11|           3|          11|
    |sub_ln915_4_fu_5284_p2                |     -    |      0|   0|   11|           3|          11|
    |sub_ln915_5_fu_2942_p2                |     -    |      0|   0|   11|           3|          11|
    |sub_ln915_6_fu_3301_p2                |     -    |      0|   0|   11|           3|          11|
    |sub_ln915_7_fu_3719_p2                |     -    |      0|   0|   11|           3|          11|
    |sub_ln915_8_fu_4078_p2                |     -    |      0|   0|   11|           3|          11|
    |sub_ln915_9_fu_5423_p2                |     -    |      0|   0|   11|           3|          11|
    |sub_ln915_fu_1307_p2                  |     -    |      0|   0|   11|           3|          11|
    |tmp_V_10_fu_2202_p2                   |     -    |      0|   0|   55|           1|          48|
    |tmp_V_13_fu_4708_p2                   |     -    |      0|   0|   55|          45|          48|
    |tmp_V_16_fu_2701_p2                   |     -    |      0|   0|   55|           1|          48|
    |tmp_V_19_fu_3060_p2                   |     -    |      0|   0|   55|           1|          48|
    |tmp_V_22_fu_3478_p2                   |     -    |      0|   0|   55|           1|          48|
    |tmp_V_25_fu_3837_p2                   |     -    |      0|   0|   55|           1|          48|
    |tmp_V_28_fu_4882_p2                   |     -    |      0|   0|   55|          45|          48|
    |tmp_V_31_fu_4336_p2                   |     -    |      0|   0|   55|           1|          48|
    |tmp_V_34_fu_5043_p2                   |     -    |      0|   0|   55|           1|          48|
    |tmp_V_4_fu_1425_p2                    |     -    |      0|   0|   55|           1|          48|
    |tmp_V_7_fu_1843_p2                    |     -    |      0|   0|   55|           1|          48|
    |tmp_V_fu_1066_p2                      |     -    |      0|   0|   55|           1|          48|
    |total_bits_fu_983_p2                  |     -    |      0|   0|   39|          32|          32|
    |x_new_V_11_fu_3021_p2                 |     -    |      0|   0|   11|          48|          48|
    |x_new_V_15_fu_3798_p2                 |     -    |      0|   0|   11|          48|          48|
    |x_new_V_19_fu_4656_p2                 |     -    |      0|   0|   11|          48|          48|
    |x_new_V_3_fu_1386_p2                  |     -    |      0|   0|   11|          48|          48|
    |x_new_V_7_fu_2163_p2                  |     -    |      0|   0|   11|          48|          48|
    |a_10_fu_4437_p2                       |    and   |      0|   0|    2|           1|           1|
    |a_11_fu_5144_p2                       |    and   |      0|   0|    2|           1|           1|
    |a_1_fu_1526_p2                        |    and   |      0|   0|    2|           1|           1|
    |a_2_fu_1944_p2                        |    and   |      0|   0|    2|           1|           1|
    |a_3_fu_2303_p2                        |    and   |      0|   0|    2|           1|           1|
    |a_4_fu_4811_p2                        |    and   |      0|   0|    2|           1|           1|
    |a_5_fu_2802_p2                        |    and   |      0|   0|    2|           1|           1|
    |a_6_fu_3161_p2                        |    and   |      0|   0|    2|           1|           1|
    |a_7_fu_3579_p2                        |    and   |      0|   0|    2|           1|           1|
    |a_8_fu_3938_p2                        |    and   |      0|   0|    2|           1|           1|
    |a_9_fu_4985_p2                        |    and   |      0|   0|    2|           1|           1|
    |a_fu_1167_p2                          |    and   |      0|   0|    2|           1|           1|
    |and_ln581_fu_752_p2                   |    and   |      0|   0|    2|           1|           1|
    |and_ln582_fu_734_p2                   |    and   |      0|   0|    2|           1|           1|
    |and_ln585_1_fu_770_p2                 |    and   |      0|   0|    2|           1|           1|
    |and_ln585_fu_758_p2                   |    and   |      0|   0|    2|           1|           1|
    |and_ln603_fu_788_p2                   |    and   |      0|   0|    2|           1|           1|
    |and_ln899_10_fu_4465_p2               |    and   |      0|   0|    2|           1|           1|
    |and_ln899_11_fu_5172_p2               |    and   |      0|   0|    2|           1|           1|
    |and_ln899_1_fu_1554_p2                |    and   |      0|   0|    2|           1|           1|
    |and_ln899_2_fu_1972_p2                |    and   |      0|   0|    2|           1|           1|
    |and_ln899_3_fu_2331_p2                |    and   |      0|   0|    2|           1|           1|
    |and_ln899_4_fu_4839_p2                |    and   |      0|   0|    2|           1|           1|
    |and_ln899_5_fu_2830_p2                |    and   |      0|   0|    2|           1|           1|
    |and_ln899_6_fu_3189_p2                |    and   |      0|   0|    2|           1|           1|
    |and_ln899_7_fu_3607_p2                |    and   |      0|   0|    2|           1|           1|
    |and_ln899_8_fu_3966_p2                |    and   |      0|   0|    2|           1|           1|
    |and_ln899_9_fu_5013_p2                |    and   |      0|   0|    2|           1|           1|
    |and_ln899_fu_1195_p2                  |    and   |      0|   0|    2|           1|           1|
    |and_ln924_10_fu_3003_p2               |    and   |      0|   0|    2|           1|           1|
    |and_ln924_11_fu_3032_p2               |    and   |      0|   0|    2|           1|           1|
    |and_ln924_12_fu_3362_p2               |    and   |      0|   0|    2|           1|           1|
    |and_ln924_13_fu_3379_p2               |    and   |      0|   0|    2|           1|           1|
    |and_ln924_14_fu_3780_p2               |    and   |      0|   0|    2|           1|           1|
    |and_ln924_15_fu_3809_p2               |    and   |      0|   0|    2|           1|           1|
    |and_ln924_16_fu_4139_p2               |    and   |      0|   0|    2|           1|           1|
    |and_ln924_17_fu_4156_p2               |    and   |      0|   0|    2|           1|           1|
    |and_ln924_18_fu_5650_p2               |    and   |      0|   0|    2|           1|           1|
    |and_ln924_19_fu_5667_p2               |    and   |      0|   0|    2|           1|           1|
    |and_ln924_1_fu_1397_p2                |    and   |      0|   0|    2|           1|           1|
    |and_ln924_20_fu_4638_p2               |    and   |      0|   0|    2|           1|           1|
    |and_ln924_21_fu_4667_p2               |    and   |      0|   0|    2|           1|           1|
    |and_ln924_22_fu_5677_p2               |    and   |      0|   0|    2|           1|           1|
    |and_ln924_23_fu_5694_p2               |    and   |      0|   0|    2|           1|           1|
    |and_ln924_2_fu_1727_p2                |    and   |      0|   0|    2|           1|           1|
    |and_ln924_3_fu_1744_p2                |    and   |      0|   0|    2|           1|           1|
    |and_ln924_4_fu_2145_p2                |    and   |      0|   0|    2|           1|           1|
    |and_ln924_5_fu_2174_p2                |    and   |      0|   0|    2|           1|           1|
    |and_ln924_6_fu_2504_p2                |    and   |      0|   0|    2|           1|           1|
    |and_ln924_7_fu_2521_p2                |    and   |      0|   0|    2|           1|           1|
    |and_ln924_8_fu_5623_p2                |    and   |      0|   0|    2|           1|           1|
    |and_ln924_9_fu_5640_p2                |    and   |      0|   0|    2|           1|           1|
    |and_ln924_fu_1368_p2                  |    and   |      0|   0|    2|           1|           1|
    |ap_block_state3_io                    |    and   |      0|   0|    2|           1|           1|
    |ap_block_state44_io                   |    and   |      0|   0|    2|           1|           1|
    |ap_block_state45_io                   |    and   |      0|   0|    2|           1|           1|
    |ap_block_state46_io                   |    and   |      0|   0|    2|           1|           1|
    |ap_predicate_op1008_write_state44     |    and   |      0|   0|    2|           1|           1|
    |ap_predicate_op152_write_state3       |    and   |      0|   0|    2|           1|           1|
    |out_stream_V_data_V_1_load_A          |    and   |      0|   0|    2|           1|           1|
    |out_stream_V_data_V_1_load_B          |    and   |      0|   0|    2|           1|           1|
    |out_stream_V_last_V_1_load_A          |    and   |      0|   0|    2|           1|           1|
    |out_stream_V_last_V_1_load_B          |    and   |      0|   0|    2|           1|           1|
    |p_Result_15_fu_1514_p2                |    and   |      0|   0|   48|          48|          48|
    |p_Result_21_fu_1932_p2                |    and   |      0|   0|   48|          48|          48|
    |p_Result_33_fu_2291_p2                |    and   |      0|   0|   48|          48|          48|
    |p_Result_40_fu_4799_p2                |    and   |      0|   0|   48|          48|          48|
    |p_Result_43_fu_2790_p2                |    and   |      0|   0|   48|          48|          48|
    |p_Result_47_fu_3149_p2                |    and   |      0|   0|   48|          48|          48|
    |p_Result_50_fu_3567_p2                |    and   |      0|   0|   48|          48|          48|
    |p_Result_54_fu_3926_p2                |    and   |      0|   0|   48|          48|          48|
    |p_Result_57_fu_4973_p2                |    and   |      0|   0|   48|          48|          48|
    |p_Result_59_fu_4425_p2                |    and   |      0|   0|   48|          48|          48|
    |p_Result_62_fu_5132_p2                |    and   |      0|   0|   48|          48|          48|
    |p_Result_7_fu_1155_p2                 |    and   |      0|   0|   48|          48|          48|
    |val_fu_5745_p2                        |    and   |      0|   0|   32|          32|          32|
    |ashr_ln586_fu_692_p2                  |   ashr   |      0|   0|  162|          54|          54|
    |tmp_10_fu_5072_p3                     |   cttz   |      0|  73|   71|          64|           0|
    |tmp_1_fu_4365_p3                      |   cttz   |      0|  73|   71|          64|           0|
    |tmp_2_fu_1454_p3                      |   cttz   |      0|  73|   71|          64|           0|
    |tmp_3_fu_1872_p3                      |   cttz   |      0|  73|   71|          64|           0|
    |tmp_4_fu_2231_p3                      |   cttz   |      0|  73|   71|          64|           0|
    |tmp_5_fu_4739_p3                      |   cttz   |      0|  73|   71|          64|           0|
    |tmp_6_fu_2730_p3                      |   cttz   |      0|  73|   71|          64|           0|
    |tmp_7_fu_3089_p3                      |   cttz   |      0|  73|   71|          64|           0|
    |tmp_8_fu_3507_p3                      |   cttz   |      0|  73|   71|          64|           0|
    |tmp_9_fu_3866_p3                      |   cttz   |      0|  73|   71|          64|           0|
    |tmp_fu_1095_p3                        |   cttz   |      0|  73|   71|          64|           0|
    |tmp_s_fu_4913_p3                      |   cttz   |      0|  73|   71|          64|           0|
    |empty_20_fu_971_p2                    |   icmp   |      0|   0|   18|          32|          32|
    |empty_fu_953_p2                       |   icmp   |      0|   0|   18|          32|          32|
    |grp_fu_498_p2                         |   icmp   |      0|   0|   18|          32|          32|
    |grp_fu_542_p2                         |   icmp   |      0|   0|   24|          43|           1|
    |icmp_ln109_fu_989_p2                  |   icmp   |      0|   0|   18|          32|           3|
    |icmp_ln39_fu_849_p2                   |   icmp   |      0|   0|   18|          32|           1|
    |icmp_ln53_fu_927_p2                   |   icmp   |      0|   0|   18|          32|          32|
    |icmp_ln571_fu_624_p2                  |   icmp   |      0|   0|   29|          63|           1|
    |icmp_ln581_fu_636_p2                  |   icmp   |      0|   0|   13|          12|           6|
    |icmp_ln582_fu_666_p2                  |   icmp   |      0|   0|   13|          12|           6|
    |icmp_ln585_fu_676_p2                  |   icmp   |      0|   0|   13|          12|           6|
    |icmp_ln603_fu_682_p2                  |   icmp   |      0|   0|   13|          12|           6|
    |icmp_ln851_1_fu_1810_p2               |   icmp   |      0|   0|   24|          43|           1|
    |icmp_ln851_3_fu_2668_p2               |   icmp   |      0|   0|   24|          43|           1|
    |icmp_ln851_4_fu_3445_p2               |   icmp   |      0|   0|   24|          43|           1|
    |icmp_ln851_6_fu_4303_p2               |   icmp   |      0|   0|   24|          43|           1|
    |icmp_ln851_fu_1033_p2                 |   icmp   |      0|   0|   24|          43|           1|
    |icmp_ln86_fu_5756_p2                  |   icmp   |      0|   0|   18|          32|          32|
    |icmp_ln885_10_fu_4331_p2              |   icmp   |      0|   0|   24|          48|           1|
    |icmp_ln885_11_fu_5689_p2              |   icmp   |      0|   0|   24|          48|           1|
    |icmp_ln885_1_fu_1739_p2               |   icmp   |      0|   0|   24|          48|           1|
    |icmp_ln885_2_fu_1838_p2               |   icmp   |      0|   0|   24|          48|           1|
    |icmp_ln885_3_fu_2516_p2               |   icmp   |      0|   0|   24|          48|           1|
    |icmp_ln885_4_fu_5635_p2               |   icmp   |      0|   0|   24|          48|           1|
    |icmp_ln885_5_fu_2696_p2               |   icmp   |      0|   0|   24|          48|           1|
    |icmp_ln885_6_fu_3374_p2               |   icmp   |      0|   0|   24|          48|           1|
    |icmp_ln885_7_fu_3473_p2               |   icmp   |      0|   0|   24|          48|           1|
    |icmp_ln885_8_fu_4151_p2               |   icmp   |      0|   0|   24|          48|           1|
    |icmp_ln885_9_fu_5662_p2               |   icmp   |      0|   0|   24|          48|           1|
    |icmp_ln885_fu_1061_p2                 |   icmp   |      0|   0|   24|          48|           1|
    |icmp_ln897_10_fu_2764_p2              |   icmp   |      0|   0|   18|          31|           1|
    |icmp_ln897_11_fu_2796_p2              |   icmp   |      0|   0|   24|          48|           1|
    |icmp_ln897_12_fu_3123_p2              |   icmp   |      0|   0|   18|          31|           1|
    |icmp_ln897_13_fu_3155_p2              |   icmp   |      0|   0|   24|          48|           1|
    |icmp_ln897_14_fu_3541_p2              |   icmp   |      0|   0|   18|          31|           1|
    |icmp_ln897_15_fu_3573_p2              |   icmp   |      0|   0|   24|          48|           1|
    |icmp_ln897_16_fu_3900_p2              |   icmp   |      0|   0|   18|          31|           1|
    |icmp_ln897_17_fu_3932_p2              |   icmp   |      0|   0|   24|          48|           1|
    |icmp_ln897_18_fu_4947_p2              |   icmp   |      0|   0|   18|          31|           1|
    |icmp_ln897_19_fu_4979_p2              |   icmp   |      0|   0|   24|          48|           1|
    |icmp_ln897_1_fu_1161_p2               |   icmp   |      0|   0|   24|          48|           1|
    |icmp_ln897_20_fu_4399_p2              |   icmp   |      0|   0|   18|          31|           1|
    |icmp_ln897_21_fu_4431_p2              |   icmp   |      0|   0|   24|          48|           1|
    |icmp_ln897_22_fu_5106_p2              |   icmp   |      0|   0|   18|          31|           1|
    |icmp_ln897_23_fu_5138_p2              |   icmp   |      0|   0|   24|          48|           1|
    |icmp_ln897_2_fu_1488_p2               |   icmp   |      0|   0|   18|          31|           1|
    |icmp_ln897_3_fu_1520_p2               |   icmp   |      0|   0|   24|          48|           1|
    |icmp_ln897_4_fu_1906_p2               |   icmp   |      0|   0|   18|          31|           1|
    |icmp_ln897_5_fu_1938_p2               |   icmp   |      0|   0|   24|          48|           1|
    |icmp_ln897_6_fu_2265_p2               |   icmp   |      0|   0|   18|          31|           1|
    |icmp_ln897_7_fu_2297_p2               |   icmp   |      0|   0|   24|          48|           1|
    |icmp_ln897_8_fu_4773_p2               |   icmp   |      0|   0|   18|          31|           1|
    |icmp_ln897_9_fu_4805_p2               |   icmp   |      0|   0|   24|          48|           1|
    |icmp_ln897_fu_1129_p2                 |   icmp   |      0|   0|   18|          31|           1|
    |icmp_ln908_10_fu_4485_p2              |   icmp   |      0|   0|   18|          32|           1|
    |icmp_ln908_11_fu_5192_p2              |   icmp   |      0|   0|   18|          32|           1|
    |icmp_ln908_1_fu_1574_p2               |   icmp   |      0|   0|   18|          32|           1|
    |icmp_ln908_2_fu_1992_p2               |   icmp   |      0|   0|   18|          32|           1|
    |icmp_ln908_3_fu_2351_p2               |   icmp   |      0|   0|   18|          32|           1|
    |icmp_ln908_4_fu_4859_p2               |   icmp   |      0|   0|   18|          32|           1|
    |icmp_ln908_5_fu_2850_p2               |   icmp   |      0|   0|   18|          32|           1|
    |icmp_ln908_6_fu_3209_p2               |   icmp   |      0|   0|   18|          32|           1|
    |icmp_ln908_7_fu_3627_p2               |   icmp   |      0|   0|   18|          32|           1|
    |icmp_ln908_8_fu_3986_p2               |   icmp   |      0|   0|   18|          32|           1|
    |icmp_ln908_9_fu_5033_p2               |   icmp   |      0|   0|   18|          32|           1|
    |icmp_ln908_fu_1215_p2                 |   icmp   |      0|   0|   18|          32|           1|
    |icmp_ln924_10_fu_2987_p2              |   icmp   |      0|   0|   13|          11|           2|
    |icmp_ln924_11_fu_2993_p2              |   icmp   |      0|   0|   29|          52|           1|
    |icmp_ln924_12_fu_3346_p2              |   icmp   |      0|   0|   13|          11|           2|
    |icmp_ln924_13_fu_3352_p2              |   icmp   |      0|   0|   29|          52|           1|
    |icmp_ln924_14_fu_3764_p2              |   icmp   |      0|   0|   13|          11|           2|
    |icmp_ln924_15_fu_3770_p2              |   icmp   |      0|   0|   29|          52|           1|
    |icmp_ln924_16_fu_4123_p2              |   icmp   |      0|   0|   13|          11|           2|
    |icmp_ln924_17_fu_4129_p2              |   icmp   |      0|   0|   29|          52|           1|
    |icmp_ln924_18_fu_5468_p2              |   icmp   |      0|   0|   13|          11|           2|
    |icmp_ln924_19_fu_5474_p2              |   icmp   |      0|   0|   29|          52|           1|
    |icmp_ln924_1_fu_1358_p2               |   icmp   |      0|   0|   29|          52|           1|
    |icmp_ln924_20_fu_4622_p2              |   icmp   |      0|   0|   13|          11|           2|
    |icmp_ln924_21_fu_4628_p2              |   icmp   |      0|   0|   29|          52|           1|
    |icmp_ln924_22_fu_5607_p2              |   icmp   |      0|   0|   13|          11|           2|
    |icmp_ln924_23_fu_5613_p2              |   icmp   |      0|   0|   29|          52|           1|
    |icmp_ln924_2_fu_1711_p2               |   icmp   |      0|   0|   13|          11|           2|
    |icmp_ln924_3_fu_1717_p2               |   icmp   |      0|   0|   29|          52|           1|
    |icmp_ln924_4_fu_2129_p2               |   icmp   |      0|   0|   13|          11|           2|
    |icmp_ln924_5_fu_2135_p2               |   icmp   |      0|   0|   29|          52|           1|
    |icmp_ln924_6_fu_2488_p2               |   icmp   |      0|   0|   13|          11|           2|
    |icmp_ln924_7_fu_2494_p2               |   icmp   |      0|   0|   29|          52|           1|
    |icmp_ln924_8_fu_5329_p2               |   icmp   |      0|   0|   13|          11|           2|
    |icmp_ln924_9_fu_5335_p2               |   icmp   |      0|   0|   29|          52|           1|
    |icmp_ln924_fu_1352_p2                 |   icmp   |      0|   0|   13|          11|           2|
    |out_stream_V_data_V_1_state_cmp_full  |   icmp   |      0|   0|    8|           2|           1|
    |out_stream_V_last_V_1_state_cmp_full  |   icmp   |      0|   0|    8|           2|           1|
    |lshr_ln897_10_fu_4419_p2              |   lshr   |      0|   0|  150|           2|          48|
    |lshr_ln897_11_fu_5126_p2              |   lshr   |      0|   0|  150|           2|          48|
    |lshr_ln897_1_fu_1508_p2               |   lshr   |      0|   0|  150|           2|          48|
    |lshr_ln897_2_fu_1926_p2               |   lshr   |      0|   0|  150|           2|          48|
    |lshr_ln897_3_fu_2285_p2               |   lshr   |      0|   0|  150|           2|          48|
    |lshr_ln897_4_fu_4793_p2               |   lshr   |      0|   0|  150|           2|          48|
    |lshr_ln897_5_fu_2784_p2               |   lshr   |      0|   0|  150|           2|          48|
    |lshr_ln897_6_fu_3143_p2               |   lshr   |      0|   0|  150|           2|          48|
    |lshr_ln897_7_fu_3561_p2               |   lshr   |      0|   0|  150|           2|          48|
    |lshr_ln897_8_fu_3920_p2               |   lshr   |      0|   0|  150|           2|          48|
    |lshr_ln897_9_fu_4967_p2               |   lshr   |      0|   0|  150|           2|          48|
    |lshr_ln897_fu_1149_p2                 |   lshr   |      0|   0|  150|           2|          48|
    |lshr_ln89_fu_5761_p2                  |   lshr   |      0|   0|  101|          32|          32|
    |lshr_ln908_10_fu_4507_p2              |   lshr   |      0|   0|  150|          48|          48|
    |lshr_ln908_11_fu_5492_p2              |   lshr   |      0|   0|  150|          48|          48|
    |lshr_ln908_1_fu_1596_p2               |   lshr   |      0|   0|  150|          48|          48|
    |lshr_ln908_2_fu_2014_p2               |   lshr   |      0|   0|  150|          48|          48|
    |lshr_ln908_3_fu_2373_p2               |   lshr   |      0|   0|  150|          48|          48|
    |lshr_ln908_4_fu_5214_p2               |   lshr   |      0|   0|  150|          48|          48|
    |lshr_ln908_5_fu_2872_p2               |   lshr   |      0|   0|  150|          48|          48|
    |lshr_ln908_6_fu_3231_p2               |   lshr   |      0|   0|  150|          48|          48|
    |lshr_ln908_7_fu_3649_p2               |   lshr   |      0|   0|  150|          48|          48|
    |lshr_ln908_8_fu_4008_p2               |   lshr   |      0|   0|  150|          48|          48|
    |lshr_ln908_9_fu_5353_p2               |   lshr   |      0|   0|  150|          48|          48|
    |lshr_ln908_fu_1237_p2                 |   lshr   |      0|   0|  150|          48|          48|
    |ap_block_state46                      |    or    |      0|   0|    2|           1|           1|
    |or_ln581_fu_776_p2                    |    or    |      0|   0|    2|           1|           1|
    |or_ln582_fu_740_p2                    |    or    |      0|   0|    2|           1|           1|
    |or_ln603_1_fu_816_p2                  |    or    |      0|   0|    2|           1|           1|
    |or_ln603_2_fu_830_p2                  |    or    |      0|   0|    2|           1|           1|
    |or_ln603_fu_802_p2                    |    or    |      0|   0|    2|           1|           1|
    |or_ln899_11_fu_1201_p2                |    or    |      0|   0|    2|           1|           1|
    |or_ln899_12_fu_1978_p2                |    or    |      0|   0|    2|           1|           1|
    |or_ln899_13_fu_2337_p2                |    or    |      0|   0|    2|           1|           1|
    |or_ln899_14_fu_4845_p2                |    or    |      0|   0|    2|           1|           1|
    |or_ln899_15_fu_2836_p2                |    or    |      0|   0|    2|           1|           1|
    |or_ln899_16_fu_3195_p2                |    or    |      0|   0|    2|           1|           1|
    |or_ln899_17_fu_3613_p2                |    or    |      0|   0|    2|           1|           1|
    |or_ln899_18_fu_3972_p2                |    or    |      0|   0|    2|           1|           1|
    |or_ln899_19_fu_5019_p2                |    or    |      0|   0|    2|           1|           1|
    |or_ln899_20_fu_4471_p2                |    or    |      0|   0|    2|           1|           1|
    |or_ln899_21_fu_5178_p2                |    or    |      0|   0|    2|           1|           1|
    |or_ln899_fu_1560_p2                   |    or    |      0|   0|    2|           1|           1|
    |or_ln924_10_fu_4634_p2                |    or    |      0|   0|    2|           1|           1|
    |or_ln924_11_fu_5673_p2                |    or    |      0|   0|    2|           1|           1|
    |or_ln924_1_fu_1723_p2                 |    or    |      0|   0|    2|           1|           1|
    |or_ln924_2_fu_2141_p2                 |    or    |      0|   0|    2|           1|           1|
    |or_ln924_3_fu_2500_p2                 |    or    |      0|   0|    2|           1|           1|
    |or_ln924_4_fu_5619_p2                 |    or    |      0|   0|    2|           1|           1|
    |or_ln924_5_fu_2999_p2                 |    or    |      0|   0|    2|           1|           1|
    |or_ln924_6_fu_3358_p2                 |    or    |      0|   0|    2|           1|           1|
    |or_ln924_7_fu_3776_p2                 |    or    |      0|   0|    2|           1|           1|
    |or_ln924_8_fu_4135_p2                 |    or    |      0|   0|    2|           1|           1|
    |or_ln924_9_fu_5646_p2                 |    or    |      0|   0|    2|           1|           1|
    |or_ln924_fu_1364_p2                   |    or    |      0|   0|    2|           1|           1|
    |I2_fu_5714_p3                         |  select  |      0|   0|   32|           1|          32|
    |I3_fu_5725_p3                         |  select  |      0|   0|   32|           1|          32|
    |m_103_fu_4531_p3                      |  select  |      0|   0|   64|           1|          64|
    |m_108_fu_5516_p3                      |  select  |      0|   0|   64|           1|          64|
    |m_19_fu_1620_p3                       |  select  |      0|   0|   64|           1|          64|
    |m_1_fu_1261_p3                        |  select  |      0|   0|   64|           1|          64|
    |m_44_fu_2038_p3                       |  select  |      0|   0|   64|           1|          64|
    |m_60_fu_2397_p3                       |  select  |      0|   0|   64|           1|          64|
    |m_73_fu_5238_p3                       |  select  |      0|   0|   64|           1|          64|
    |m_78_fu_2896_p3                       |  select  |      0|   0|   64|           1|          64|
    |m_83_fu_3255_p3                       |  select  |      0|   0|   64|           1|          64|
    |m_88_fu_3673_p3                       |  select  |      0|   0|   64|           1|          64|
    |m_93_fu_4032_p3                       |  select  |      0|   0|   64|           1|          64|
    |m_98_fu_5377_p3                       |  select  |      0|   0|   64|           1|          64|
    |man_V_2_fu_616_p3                     |  select  |      0|   0|   54|           1|          54|
    |select_ln603_1_fu_808_p3              |  select  |      0|   0|   48|           1|          48|
    |select_ln603_2_fu_822_p3              |  select  |      0|   0|   48|           1|          48|
    |select_ln603_3_fu_887_p3              |  select  |      0|   0|   48|           1|          48|
    |select_ln603_fu_794_p3                |  select  |      0|   0|   48|           1|          48|
    |select_ln850_1_fu_4243_p3             |  select  |      0|   0|    5|           1|           5|
    |select_ln850_fu_2608_p3               |  select  |      0|   0|    5|           1|           5|
    |select_ln851_1_fu_1822_p3             |  select  |      0|   0|    5|           1|           5|
    |select_ln851_2_fu_2600_p3             |  select  |      0|   0|    5|           1|           5|
    |select_ln851_3_fu_2680_p3             |  select  |      0|   0|    5|           1|           5|
    |select_ln851_4_fu_3457_p3             |  select  |      0|   0|    5|           1|           5|
    |select_ln851_5_fu_4235_p3             |  select  |      0|   0|    5|           1|           5|
    |select_ln851_6_fu_4315_p3             |  select  |      0|   0|    5|           1|           5|
    |select_ln851_fu_1045_p3               |  select  |      0|   0|    5|           1|           5|
    |select_ln886_1_fu_1830_p3             |  select  |      0|   0|    5|           1|           5|
    |select_ln886_2_fu_2688_p3             |  select  |      0|   0|    5|           1|           5|
    |select_ln886_3_fu_3465_p3             |  select  |      0|   0|    5|           1|           5|
    |select_ln886_4_fu_4323_p3             |  select  |      0|   0|    5|           1|           5|
    |select_ln886_fu_1053_p3               |  select  |      0|   0|    5|           1|           5|
    |select_ln915_10_fu_4569_p3            |  select  |      0|   0|   10|           1|          10|
    |select_ln915_11_fu_5554_p3            |  select  |      0|   0|   10|           1|          10|
    |select_ln915_1_fu_1658_p3             |  select  |      0|   0|   10|           1|          10|
    |select_ln915_2_fu_2076_p3             |  select  |      0|   0|   10|           1|          10|
    |select_ln915_3_fu_2435_p3             |  select  |      0|   0|   10|           1|          10|
    |select_ln915_4_fu_5276_p3             |  select  |      0|   0|   10|           1|          10|
    |select_ln915_5_fu_2934_p3             |  select  |      0|   0|   10|           1|          10|
    |select_ln915_6_fu_3293_p3             |  select  |      0|   0|   10|           1|          10|
    |select_ln915_7_fu_3711_p3             |  select  |      0|   0|   10|           1|          10|
    |select_ln915_8_fu_4070_p3             |  select  |      0|   0|   10|           1|          10|
    |select_ln915_9_fu_5415_p3             |  select  |      0|   0|   10|           1|          10|
    |select_ln915_fu_1299_p3               |  select  |      0|   0|   10|           1|          10|
    |select_ln924_2_fu_2180_p3             |  select  |      0|   0|   48|           1|          48|
    |select_ln924_4_fu_3038_p3             |  select  |      0|   0|   48|           1|          48|
    |select_ln924_6_fu_3815_p3             |  select  |      0|   0|   48|           1|          48|
    |select_ln924_8_fu_4673_p3             |  select  |      0|   0|   48|           1|          48|
    |select_ln924_fu_1403_p3               |  select  |      0|   0|   48|           1|          48|
    |sh_amt_fu_654_p3                      |  select  |      0|   0|   12|           1|          12|
    |smax1266_neg_fu_903_p3                |  select  |      0|   0|   32|           1|          32|
    |smax_fu_958_p3                        |  select  |      0|   0|   32|           1|          32|
    |tmp_V_36_fu_1071_p3                   |  select  |      0|   0|   48|           1|          48|
    |tmp_V_37_fu_1410_p3                   |  select  |      0|   0|   48|           1|           1|
    |tmp_V_38_fu_1430_p3                   |  select  |      0|   0|   48|           1|          48|
    |tmp_V_39_fu_1848_p3                   |  select  |      0|   0|   48|           1|          48|
    |tmp_V_40_fu_2187_p3                   |  select  |      0|   0|   48|           1|           1|
    |tmp_V_41_fu_2207_p3                   |  select  |      0|   0|   48|           1|          48|
    |tmp_V_43_fu_4713_p3                   |  select  |      0|   0|   48|           1|          48|
    |tmp_V_44_fu_2706_p3                   |  select  |      0|   0|   48|           1|          48|
    |tmp_V_45_fu_3045_p3                   |  select  |      0|   0|   48|           1|           1|
    |tmp_V_46_fu_3065_p3                   |  select  |      0|   0|   48|           1|          48|
    |tmp_V_47_fu_3483_p3                   |  select  |      0|   0|   48|           1|          48|
    |tmp_V_48_fu_3822_p3                   |  select  |      0|   0|   48|           1|           1|
    |tmp_V_49_fu_3842_p3                   |  select  |      0|   0|   48|           1|          48|
    |tmp_V_51_fu_4887_p3                   |  select  |      0|   0|   48|           1|          48|
    |tmp_V_52_fu_4341_p3                   |  select  |      0|   0|   48|           1|          48|
    |tmp_V_53_fu_4680_p3                   |  select  |      0|   0|   48|           1|           1|
    |tmp_V_54_fu_5048_p3                   |  select  |      0|   0|   48|           1|          48|
    |total_bytes_to_send_fu_875_p3         |  select  |      0|   0|   29|           1|          29|
    |umax_fu_976_p3                        |  select  |      0|   0|   32|           1|          32|
    |x_log_V_2_fu_710_p3                   |  select  |      0|   0|    2|           1|           2|
    |x_log_iter0_V_fu_1750_p3              |  select  |      0|   0|   48|           1|          48|
    |x_log_iter1_V_fu_2527_p3              |  select  |      0|   0|   48|           1|          48|
    |x_log_iter2_V_fu_3385_p3              |  select  |      0|   0|   48|           1|          48|
    |x_log_iter3_V_fu_4162_p3              |  select  |      0|   0|   48|           1|          48|
    |x_log_iter4_V_fu_5700_p3              |  select  |      0|   0|   48|           1|          48|
    |x_new_V_21_fu_1004_p3                 |  select  |      0|   0|   48|           1|          48|
    |x_new_V_23_fu_1781_p3                 |  select  |      0|   0|   48|           1|          48|
    |x_new_V_25_fu_2639_p3                 |  select  |      0|   0|   48|           1|          48|
    |x_new_V_27_fu_3416_p3                 |  select  |      0|   0|   48|           1|          48|
    |x_new_V_29_fu_4274_p3                 |  select  |      0|   0|   48|           1|          48|
    |shl_ln604_fu_722_p2                   |    shl   |      0|   0|  150|          48|          48|
    |shl_ln83_fu_916_p2                    |    shl   |      0|   0|  101|           1|          32|
    |shl_ln908_10_fu_4525_p2               |    shl   |      0|   0|  182|          64|          64|
    |shl_ln908_11_fu_5510_p2               |    shl   |      0|   0|  182|          64|          64|
    |shl_ln908_1_fu_1614_p2                |    shl   |      0|   0|  182|          64|          64|
    |shl_ln908_2_fu_2032_p2                |    shl   |      0|   0|  182|          64|          64|
    |shl_ln908_3_fu_2391_p2                |    shl   |      0|   0|  182|          64|          64|
    |shl_ln908_4_fu_5232_p2                |    shl   |      0|   0|  182|          64|          64|
    |shl_ln908_5_fu_2890_p2                |    shl   |      0|   0|  182|          64|          64|
    |shl_ln908_6_fu_3249_p2                |    shl   |      0|   0|  182|          64|          64|
    |shl_ln908_7_fu_3667_p2                |    shl   |      0|   0|  182|          64|          64|
    |shl_ln908_8_fu_4026_p2                |    shl   |      0|   0|  182|          64|          64|
    |shl_ln908_9_fu_5371_p2                |    shl   |      0|   0|  182|          64|          64|
    |shl_ln908_fu_1255_p2                  |    shl   |      0|   0|  182|          64|          64|
    |combined_fu_5739_p2                   |    xor   |      0|   0|   32|          32|          32|
    |xor_ln571_fu_728_p2                   |    xor   |      0|   0|    2|           1|           2|
    |xor_ln581_fu_782_p2                   |    xor   |      0|   0|    2|           1|           2|
    |xor_ln582_fu_746_p2                   |    xor   |      0|   0|    2|           1|           2|
    |xor_ln585_fu_764_p2                   |    xor   |      0|   0|    2|           1|           2|
    |xor_ln82_fu_5733_p2                   |    xor   |      0|   0|   32|          32|          32|
    |xor_ln885_1_fu_2169_p2                |    xor   |      0|   0|    2|           1|           2|
    |xor_ln885_2_fu_3027_p2                |    xor   |      0|   0|    2|           1|           2|
    |xor_ln885_3_fu_3804_p2                |    xor   |      0|   0|    2|           1|           2|
    |xor_ln885_4_fu_4662_p2                |    xor   |      0|   0|    2|           1|           2|
    |xor_ln885_fu_1392_p2                  |    xor   |      0|   0|    2|           1|           2|
    |xor_ln899_10_fu_4451_p2               |    xor   |      0|   0|    2|           1|           2|
    |xor_ln899_11_fu_5158_p2               |    xor   |      0|   0|    2|           1|           2|
    |xor_ln899_1_fu_1540_p2                |    xor   |      0|   0|    2|           1|           2|
    |xor_ln899_2_fu_1958_p2                |    xor   |      0|   0|    2|           1|           2|
    |xor_ln899_3_fu_2317_p2                |    xor   |      0|   0|    2|           1|           2|
    |xor_ln899_4_fu_4825_p2                |    xor   |      0|   0|    2|           1|           2|
    |xor_ln899_5_fu_2816_p2                |    xor   |      0|   0|    2|           1|           2|
    |xor_ln899_6_fu_3175_p2                |    xor   |      0|   0|    2|           1|           2|
    |xor_ln899_7_fu_3593_p2                |    xor   |      0|   0|    2|           1|           2|
    |xor_ln899_8_fu_3952_p2                |    xor   |      0|   0|    2|           1|           2|
    |xor_ln899_9_fu_4999_p2                |    xor   |      0|   0|    2|           1|           2|
    |xor_ln899_fu_1181_p2                  |    xor   |      0|   0|    2|           1|           2|
    |xor_ln924_1_fu_2510_p2                |    xor   |      0|   0|    2|           2|           1|
    |xor_ln924_2_fu_5629_p2                |    xor   |      0|   0|    2|           2|           1|
    |xor_ln924_3_fu_3368_p2                |    xor   |      0|   0|    2|           2|           1|
    |xor_ln924_4_fu_4145_p2                |    xor   |      0|   0|    2|           2|           1|
    |xor_ln924_5_fu_5656_p2                |    xor   |      0|   0|    2|           2|           1|
    |xor_ln924_6_fu_5683_p2                |    xor   |      0|   0|    2|           2|           1|
    |xor_ln924_fu_1733_p2                  |    xor   |      0|   0|    2|           2|           1|
    +--------------------------------------+----------+-------+----+-----+------------+------------+
    |Total                                 |          |     42| 876|18559|        9366|       11079|
    +--------------------------------------+----------+-------+----+-----+------------+------------+

    * Multiplexer: 
    +--------------------------------+-----+-----------+-----+-----------+
    |              Name              | LUT | Input Size| Bits| Total Bits|
    +--------------------------------+-----+-----------+-----+-----------+
    |ap_NS_fsm                       |  205|         47|    1|         47|
    |b_0_in_reg_285                  |    9|          2|   32|         64|
    |bvh_d_index_fu_206              |    9|          2|   32|         64|
    |bytes_sent_1_fu_210             |    9|          2|   32|         64|
    |grp_fu_294_p1                   |   15|          3|   50|        150|
    |grp_fu_295_p1                   |   27|          5|   48|        240|
    |grp_fu_296_p0                   |   15|          3|   46|        138|
    |grp_fu_296_p1                   |   21|          4|   50|        200|
    |grp_fu_297_p0                   |   33|          6|   49|        294|
    |grp_fu_297_p1                   |   33|          6|   93|        558|
    |grp_fu_456_opcode               |   15|          3|    5|         15|
    |grp_fu_456_p0                   |   50|         11|   64|        704|
    |grp_fu_456_p1                   |   15|          3|   64|        192|
    |out_stream_TDATA_blk_n          |    9|          2|    1|          2|
    |out_stream_V_data_V_1_data_in   |   15|          3|    8|         24|
    |out_stream_V_data_V_1_data_out  |    9|          2|    8|         16|
    |out_stream_V_data_V_1_state     |   15|          3|    2|          6|
    |out_stream_V_keep_V_1_state     |   15|          3|    2|          6|
    |out_stream_V_last_V_1_data_out  |    9|          2|    1|          2|
    |out_stream_V_last_V_1_state     |   15|          3|    2|          6|
    |out_stream_V_strb_V_1_state     |   15|          3|    2|          6|
    |p_Val2_1_reg_254                |    9|          2|   48|         96|
    |reg_275                         |   15|          3|   93|        279|
    |tmp_data_V_fu_214               |    9|          2|    8|         16|
    |total_bits_0_reg_263            |    9|          2|   32|         64|
    +--------------------------------+-----+-----------+-----+-----------+
    |Total                           |  600|        127|  773|       3253|
    +--------------------------------+-----+-----------+-----+-----------+

    * Register: 
    +---------------------------------+----+----+-----+-----------+
    |               Name              | FF | LUT| Bits| Const Bits|
    +---------------------------------+----+----+-----+-----------+
    |add_ln1192_4_reg_6475            |  50|   0|   50|          0|
    |add_ln1192_reg_6190              |  50|   0|   50|          0|
    |add_ln53_reg_5883                |  32|   0|   32|          0|
    |add_ln92_reg_6750                |  32|   0|   32|          0|
    |ap_CS_fsm                        |  46|   0|   46|          0|
    |b_0_in_reg_285                   |  32|   0|   32|          0|
    |b_reg_6737                       |  32|   0|   32|          0|
    |bvh_d_index_fu_206               |  32|   0|   32|          0|
    |bytes_sent_1_fu_210              |  32|   0|   32|          0|
    |icmp_ln109_reg_5908              |   1|   0|    1|          0|
    |icmp_ln885_10_reg_6517           |   1|   0|    1|          0|
    |icmp_ln885_2_reg_6086            |   1|   0|    1|          0|
    |icmp_ln885_5_reg_6232            |   1|   0|    1|          0|
    |icmp_ln885_7_reg_6371            |   1|   0|    1|          0|
    |icmp_ln885_reg_5947              |   1|   0|    1|          0|
    |icmp_ln908_10_reg_6540           |   1|   0|    1|          0|
    |icmp_ln908_11_reg_6672           |   1|   0|    1|          0|
    |icmp_ln908_1_reg_6026            |   1|   0|    1|          0|
    |icmp_ln908_2_reg_6109            |   1|   0|    1|          0|
    |icmp_ln908_3_reg_6165            |   1|   0|    1|          0|
    |icmp_ln908_4_reg_6607            |   1|   0|    1|          0|
    |icmp_ln908_5_reg_6255            |   1|   0|    1|          0|
    |icmp_ln908_6_reg_6311            |   1|   0|    1|          0|
    |icmp_ln908_7_reg_6394            |   1|   0|    1|          0|
    |icmp_ln908_8_reg_6450            |   1|   0|    1|          0|
    |icmp_ln908_9_reg_6645            |   1|   0|    1|          0|
    |icmp_ln908_reg_5970              |   1|   0|    1|          0|
    |icmp_ln924_10_reg_6270           |   1|   0|    1|          0|
    |icmp_ln924_11_reg_6275           |   1|   0|    1|          0|
    |icmp_ln924_12_reg_6326           |   1|   0|    1|          0|
    |icmp_ln924_13_reg_6331           |   1|   0|    1|          0|
    |icmp_ln924_14_reg_6409           |   1|   0|    1|          0|
    |icmp_ln924_15_reg_6414           |   1|   0|    1|          0|
    |icmp_ln924_16_reg_6465           |   1|   0|    1|          0|
    |icmp_ln924_17_reg_6470           |   1|   0|    1|          0|
    |icmp_ln924_18_reg_6702           |   1|   0|    1|          0|
    |icmp_ln924_19_reg_6707           |   1|   0|    1|          0|
    |icmp_ln924_1_reg_5990            |   1|   0|    1|          0|
    |icmp_ln924_20_reg_6555           |   1|   0|    1|          0|
    |icmp_ln924_21_reg_6560           |   1|   0|    1|          0|
    |icmp_ln924_22_reg_6717           |   1|   0|    1|          0|
    |icmp_ln924_23_reg_6722           |   1|   0|    1|          0|
    |icmp_ln924_2_reg_6041            |   1|   0|    1|          0|
    |icmp_ln924_3_reg_6046            |   1|   0|    1|          0|
    |icmp_ln924_4_reg_6124            |   1|   0|    1|          0|
    |icmp_ln924_5_reg_6129            |   1|   0|    1|          0|
    |icmp_ln924_6_reg_6180            |   1|   0|    1|          0|
    |icmp_ln924_7_reg_6185            |   1|   0|    1|          0|
    |icmp_ln924_8_reg_6687            |   1|   0|    1|          0|
    |icmp_ln924_9_reg_6692            |   1|   0|    1|          0|
    |icmp_ln924_reg_5985              |   1|   0|    1|          0|
    |mask_reg_5889                    |  32|   0|   32|          0|
    |n_bits_read_reg_5850             |  32|   0|   32|          0|
    |num_bits_read_reg_5841           |  32|   0|   32|          0|
    |or_ln603_2_reg_5863              |   1|   0|    1|          0|
    |or_ln899_10_reg_6667             |   1|   0|   32|         31|
    |or_ln899_1_reg_6021              |   1|   0|   32|         31|
    |or_ln899_2_reg_6104              |   1|   0|   32|         31|
    |or_ln899_3_reg_6160              |   1|   0|   32|         31|
    |or_ln899_4_reg_6602              |   1|   0|   32|         31|
    |or_ln899_5_reg_6250              |   1|   0|   32|         31|
    |or_ln899_6_reg_6306              |   1|   0|   32|         31|
    |or_ln899_7_reg_6389              |   1|   0|   32|         31|
    |or_ln899_8_reg_6445              |   1|   0|   32|         31|
    |or_ln899_9_reg_6640              |   1|   0|   32|         31|
    |or_ln899_s_reg_6535              |   1|   0|   32|         31|
    |or_ln_reg_5965                   |   1|   0|   32|         31|
    |out_stream_V_data_V_1_payload_A  |   8|   0|    8|          0|
    |out_stream_V_data_V_1_payload_B  |   8|   0|    8|          0|
    |out_stream_V_data_V_1_sel_rd     |   1|   0|    1|          0|
    |out_stream_V_data_V_1_sel_wr     |   1|   0|    1|          0|
    |out_stream_V_data_V_1_state      |   2|   0|    2|          0|
    |out_stream_V_keep_V_1_sel_rd     |   1|   0|    1|          0|
    |out_stream_V_keep_V_1_state      |   2|   0|    2|          0|
    |out_stream_V_last_V_1_payload_A  |   1|   0|    1|          0|
    |out_stream_V_last_V_1_payload_B  |   1|   0|    1|          0|
    |out_stream_V_last_V_1_sel_rd     |   1|   0|    1|          0|
    |out_stream_V_last_V_1_sel_wr     |   1|   0|    1|          0|
    |out_stream_V_last_V_1_state      |   2|   0|    2|          0|
    |out_stream_V_strb_V_1_sel_rd     |   1|   0|    1|          0|
    |out_stream_V_strb_V_1_state      |   2|   0|    2|          0|
    |p_Result_10_reg_5936             |   1|   0|    1|          0|
    |p_Result_27_reg_6075             |   1|   0|    1|          0|
    |p_Result_45_reg_6221             |   1|   0|    1|          0|
    |p_Result_51_reg_6360             |   1|   0|    1|          0|
    |p_Result_60_reg_6506             |   1|   0|    1|          0|
    |p_Result_68_reg_6003             |   1|   0|    1|          0|
    |p_Result_73_reg_6142             |   1|   0|    1|          0|
    |p_Result_76_reg_6585             |   1|   0|    1|          0|
    |p_Result_81_reg_6288             |   1|   0|    1|          0|
    |p_Result_86_reg_6427             |   1|   0|    1|          0|
    |p_Result_89_reg_6623             |   1|   0|    1|          0|
    |p_Result_94_reg_6573             |   1|   0|    1|          0|
    |p_Val2_1_reg_254                 |  48|   0|   48|          0|
    |r_V_4_reg_333                    |  93|   0|   93|          0|
    |r_V_6_reg_411                    |  93|   0|   93|          0|
    |r_V_8_reg_408                    |  93|   0|   93|          0|
    |reg_275                          |  93|   0|   93|          0|
    |reg_554                          |  48|   0|   48|          0|
    |ret_V_10_reg_6196                |  49|   0|   49|          0|
    |ret_V_13_reg_6341                |  49|   0|   49|          0|
    |ret_V_20_reg_6481                |  49|   0|   49|          0|
    |ret_V_3_reg_6056                 |  49|   0|   49|          0|
    |ret_V_reg_5897                   |  49|   0|   49|          0|
    |rhs_V_5_reg_6051                 |  49|   0|   49|          0|
    |rhs_V_6_reg_6336                 |  49|   0|   49|          0|
    |select_ln603_2_reg_5858          |  48|   0|   48|          0|
    |select_ln886_1_reg_6081          |   5|   0|    5|          0|
    |select_ln886_2_reg_6227          |   5|   0|    5|          0|
    |select_ln886_3_reg_6366          |   5|   0|    5|          0|
    |select_ln886_4_reg_6512          |   5|   0|    5|          0|
    |select_ln886_reg_5942            |   5|   0|    5|          0|
    |sub_ln703_3_reg_6486             |  48|   0|   48|          0|
    |sub_ln703_reg_6201               |  48|   0|   48|          0|
    |sub_ln894_10_reg_6529            |  32|   0|   32|          0|
    |sub_ln894_11_reg_6661            |  32|   0|   32|          0|
    |sub_ln894_1_reg_6015             |  32|   0|   32|          0|
    |sub_ln894_2_reg_6098             |  32|   0|   32|          0|
    |sub_ln894_3_reg_6154             |  32|   0|   32|          0|
    |sub_ln894_4_reg_6596             |  32|   0|   32|          0|
    |sub_ln894_5_reg_6244             |  32|   0|   32|          0|
    |sub_ln894_6_reg_6300             |  32|   0|   32|          0|
    |sub_ln894_7_reg_6383             |  32|   0|   32|          0|
    |sub_ln894_8_reg_6439             |  32|   0|   32|          0|
    |sub_ln894_9_reg_6634             |  32|   0|   32|          0|
    |sub_ln894_reg_5959               |  32|   0|   32|          0|
    |tmp_39_reg_5868                  |   1|   0|    1|          0|
    |tmp_40_reg_5922                  |   1|   0|    1|          0|
    |tmp_49_reg_6061                  |   1|   0|    1|          0|
    |tmp_63_reg_6207                  |   1|   0|    1|          0|
    |tmp_72_reg_6346                  |   1|   0|    1|          0|
    |tmp_86_reg_6492                  |   1|   0|    1|          0|
    |tmp_96_reg_6755                  |   1|   0|    1|          0|
    |tmp_V_36_reg_5953                |  48|   0|   48|          0|
    |tmp_V_37_reg_5995                |  48|   0|   48|          0|
    |tmp_V_38_reg_6009                |  48|   0|   48|          0|
    |tmp_V_39_reg_6092                |  48|   0|   48|          0|
    |tmp_V_40_reg_6134                |  48|   0|   48|          0|
    |tmp_V_41_reg_6148                |  48|   0|   48|          0|
    |tmp_V_42_reg_6579                |  48|   0|   48|          0|
    |tmp_V_43_reg_6590                |  48|   0|   48|          0|
    |tmp_V_44_reg_6238                |  48|   0|   48|          0|
    |tmp_V_45_reg_6280                |  48|   0|   48|          0|
    |tmp_V_46_reg_6294                |  48|   0|   48|          0|
    |tmp_V_47_reg_6377                |  48|   0|   48|          0|
    |tmp_V_48_reg_6419                |  48|   0|   48|          0|
    |tmp_V_49_reg_6433                |  48|   0|   48|          0|
    |tmp_V_50_reg_6617                |  48|   0|   48|          0|
    |tmp_V_51_reg_6628                |  48|   0|   48|          0|
    |tmp_V_52_reg_6523                |  48|   0|   48|          0|
    |tmp_V_53_reg_6565                |  48|   0|   48|          0|
    |tmp_V_54_reg_6655                |  48|   0|   48|          0|
    |tmp_data_V_fu_214                |   8|   0|    8|          0|
    |total_bits_0_reg_263             |  32|   0|   32|          0|
    |total_bits_reg_5902              |  32|   0|   32|          0|
    |trunc_ln893_10_reg_6545          |  11|   0|   11|          0|
    |trunc_ln893_11_reg_6677          |  11|   0|   11|          0|
    |trunc_ln893_1_reg_6031           |  11|   0|   11|          0|
    |trunc_ln893_2_reg_6114           |  11|   0|   11|          0|
    |trunc_ln893_3_reg_6170           |  11|   0|   11|          0|
    |trunc_ln893_4_reg_6612           |  11|   0|   11|          0|
    |trunc_ln893_5_reg_6260           |  11|   0|   11|          0|
    |trunc_ln893_6_reg_6316           |  11|   0|   11|          0|
    |trunc_ln893_7_reg_6399           |  11|   0|   11|          0|
    |trunc_ln893_8_reg_6455           |  11|   0|   11|          0|
    |trunc_ln893_9_reg_6650           |  11|   0|   11|          0|
    |trunc_ln893_reg_5975             |  11|   0|   11|          0|
    |val_reg_6732                     |  32|   0|   32|          0|
    |x_log_iter4_V_reg_6727           |  48|   0|   48|          0|
    |x_new_V_21_reg_5927              |  48|   0|   48|          0|
    |x_new_V_23_reg_6066              |  48|   0|   48|          0|
    |x_new_V_25_reg_6212              |  48|   0|   48|          0|
    |x_new_V_27_reg_6351              |  48|   0|   48|          0|
    |x_new_V_29_reg_6497              |  48|   0|   48|          0|
    |zext_ln39_reg_5873               |  29|   0|   32|          3|
    +---------------------------------+----+----+-----+-----------+
    |Total                            |3369|   0| 3744|        375|
    +---------------------------------+----+----+-----+-----------+



================================================================
== Interface
================================================================
* Summary: 
+-----------------------+-----+-----+------------+---------------------+--------------+
|       RTL Ports       | Dir | Bits|  Protocol  |    Source Object    |    C Type    |
+-----------------------+-----+-----+------------+---------------------+--------------+
|s_axi_control_AWVALID  |  in |    1|    s_axi   |       control       |    scalar    |
|s_axi_control_AWREADY  | out |    1|    s_axi   |       control       |    scalar    |
|s_axi_control_AWADDR   |  in |    6|    s_axi   |       control       |    scalar    |
|s_axi_control_WVALID   |  in |    1|    s_axi   |       control       |    scalar    |
|s_axi_control_WREADY   | out |    1|    s_axi   |       control       |    scalar    |
|s_axi_control_WDATA    |  in |   32|    s_axi   |       control       |    scalar    |
|s_axi_control_WSTRB    |  in |    4|    s_axi   |       control       |    scalar    |
|s_axi_control_ARVALID  |  in |    1|    s_axi   |       control       |    scalar    |
|s_axi_control_ARREADY  | out |    1|    s_axi   |       control       |    scalar    |
|s_axi_control_ARADDR   |  in |    6|    s_axi   |       control       |    scalar    |
|s_axi_control_RVALID   | out |    1|    s_axi   |       control       |    scalar    |
|s_axi_control_RREADY   |  in |    1|    s_axi   |       control       |    scalar    |
|s_axi_control_RDATA    | out |   32|    s_axi   |       control       |    scalar    |
|s_axi_control_RRESP    | out |    2|    s_axi   |       control       |    scalar    |
|s_axi_control_BVALID   | out |    1|    s_axi   |       control       |    scalar    |
|s_axi_control_BREADY   |  in |    1|    s_axi   |       control       |    scalar    |
|s_axi_control_BRESP    | out |    2|    s_axi   |       control       |    scalar    |
|ap_clk                 |  in |    1| ap_ctrl_hs |    prng_generator   | return value |
|ap_rst_n               |  in |    1| ap_ctrl_hs |    prng_generator   | return value |
|interrupt              | out |    1| ap_ctrl_hs |    prng_generator   | return value |
|out_stream_TDATA       | out |    8|    axis    | out_stream_V_data_V |    pointer   |
|out_stream_TREADY      |  in |    1|    axis    | out_stream_V_data_V |    pointer   |
|out_stream_TVALID      | out |    1|    axis    | out_stream_V_last_V |    pointer   |
|out_stream_TLAST       | out |    1|    axis    | out_stream_V_last_V |    pointer   |
|out_stream_TKEEP       | out |    1|    axis    | out_stream_V_keep_V |    pointer   |
|out_stream_TSTRB       | out |    1|    axis    | out_stream_V_strb_V |    pointer   |
+-----------------------+-----+-----+------------+---------------------+--------------+

